158.130.169.195 - - [16/Feb/2014:04:38:23 -0500] "GET /mangos?long=99&lat=99&amp=88&freq=77 HTTP/1.1" 200 1205 "-" "Mozilla/5.0 (X11; Linux x86_64) AppleWebKit/537.36 (KHTML, like Gecko) Ubuntu Chromium/32.0.1700.102 Chrome/32.0.1700.102 Safari/537.36"
158.130.169.195 - - [16/Feb/2014:04:38:27 -0500] "GET /static/css/cover.css HTTP/1.1" 304 210 "http://theytookmydomain.net/mangos?long=99&lat=99&amp=88&freq=77" "Mozilla/5.0 (X11; Linux x86_64) AppleWebKit/537.36 (KHTML, like Gecko) Ubuntu Chromium/32.0.1700.102 Chrome/32.0.1700.102 Safari/537.36"
158.130.169.195 - - [16/Feb/2014:04:38:27 -0500] "GET /static/css/bootstrap.min.css HTTP/1.1" 304 211 "http://theytookmydomain.net/mangos?long=99&lat=99&amp=88&freq=77" "Mozilla/5.0 (X11; Linux x86_64) AppleWebKit/537.36 (KHTML, like Gecko) Ubuntu Chromium/32.0.1700.102 Chrome/32.0.1700.102 Safari/537.36"
158.130.169.195 - - [16/Feb/2014:04:38:29 -0500] "GET /static/js/bootstrap.min.js HTTP/1.1" 304 211 "http://theytookmydomain.net/mangos?long=99&lat=99&amp=88&freq=77" "Mozilla/5.0 (X11; Linux x86_64) AppleWebKit/537.36 (KHTML, like Gecko) Ubuntu Chromium/32.0.1700.102 Chrome/32.0.1700.102 Safari/537.36"
158.130.169.195 - - [16/Feb/2014:04:38:31 -0500] "GET /static/js/docs.min.js HTTP/1.1" 404 513 "http://theytookmydomain.net/mangos?long=99&lat=99&amp=88&freq=77" "Mozilla/5.0 (X11; Linux x86_64) AppleWebKit/537.36 (KHTML, like Gecko) Ubuntu Chromium/32.0.1700.102 Chrome/32.0.1700.102 Safari/537.36"
158.130.169.195 - - [16/Feb/2014:04:39:21 -0500] "GET /static/img/concert.jpg HTTP/1.1" 304 189 "http://theytookmydomain.net/mangos?long=99&lat=99&amp=88&freq=77" "Mozilla/5.0 (X11; Linux x86_64) AppleWebKit/537.36 (KHTML, like Gecko) Ubuntu Chromium/32.0.1700.102 Chrome/32.0.1700.102 Safari/537.36"
74.73.126.221 - - [16/Feb/2014:05:02:35 -0500] "GET / HTTP/1.1" 200 1206 "-" "Mozilla/5.0 (Windows NT 6.2; WOW64; rv:27.0) Gecko/20100101 Firefox/27.0"
74.73.126.221 - - [16/Feb/2014:05:02:36 -0500] "GET /static/css/bootstrap.min.css HTTP/1.1" 200 17502 "http://theytookmydomain.net/" "Mozilla/5.0 (Windows NT 6.2; WOW64; rv:27.0) Gecko/20100101 Firefox/27.0"
74.73.126.221 - - [16/Feb/2014:05:02:36 -0500] "GET /static/css/cover.css HTTP/1.1" 200 1299 "http://theytookmydomain.net/" "Mozilla/5.0 (Windows NT 6.2; WOW64; rv:27.0) Gecko/20100101 Firefox/27.0"
74.73.126.221 - - [16/Feb/2014:05:02:36 -0500] "GET /statics/ico/favicon.ico HTTP/1.1" 404 474 "-" "Mozilla/5.0 (Windows NT 6.2; WOW64; rv:27.0) Gecko/20100101 Firefox/27.0"
74.73.126.221 - - [16/Feb/2014:05:02:36 -0500] "GET /static/js/bootstrap.min.js HTTP/1.1" 200 8031 "http://theytookmydomain.net/" "Mozilla/5.0 (Windows NT 6.2; WOW64; rv:27.0) Gecko/20100101 Firefox/27.0"
74.73.126.221 - - [16/Feb/2014:05:02:36 -0500] "GET /static/js/docs.min.js HTTP/1.1" 404 514 "http://theytookmydomain.net/" "Mozilla/5.0 (Windows NT 6.2; WOW64; rv:27.0) Gecko/20100101 Firefox/27.0"
74.73.126.221 - - [16/Feb/2014:05:02:36 -0500] "GET /static/js/docs.min.js HTTP/1.1" 404 513 "http://theytookmydomain.net/" "Mozilla/5.0 (Windows NT 6.2; WOW64; rv:27.0) Gecko/20100101 Firefox/27.0"
74.73.126.221 - - [16/Feb/2014:05:02:36 -0500] "GET /statics/ico/favicon.ico HTTP/1.1" 404 473 "-" "Mozilla/5.0 (Windows NT 6.2; WOW64; rv:27.0) Gecko/20100101 Firefox/27.0"
74.73.126.221 - - [16/Feb/2014:05:02:36 -0500] "GET /static/img/concert.jpg HTTP/1.1" 200 789380 "http://theytookmydomain.net/static/css/cover.css" "Mozilla/5.0 (Windows NT 6.2; WOW64; rv:27.0) Gecko/20100101 Firefox/27.0"
166.137.12.84 - - [16/Feb/2014:05:04:31 -0500] "GET /mapprev HTTP/1.1" 404 418 "-" "Mozilla/5.0 (X11; Linux x86_64) AppleWebKit/537.36 (KHTML, like Gecko) Ubuntu Chromium/32.0.1700.102 Chrome/32.0.1700.102 Safari/537.36"
166.137.12.84 - - [16/Feb/2014:05:06:28 -0500] "GET /map HTTP/1.1" 404 418 "-" "Mozilla/5.0 (X11; Linux x86_64) AppleWebKit/537.36 (KHTML, like Gecko) Ubuntu Chromium/32.0.1700.102 Chrome/32.0.1700.102 Safari/537.36"
166.137.12.84 - - [16/Feb/2014:05:06:30 -0500] "GET /map HTTP/1.1" 404 418 "-" "Mozilla/5.0 (X11; Linux x86_64) AppleWebKit/537.36 (KHTML, like Gecko) Ubuntu Chromium/32.0.1700.102 Chrome/32.0.1700.102 Safari/537.36"
166.137.12.84 - - [16/Feb/2014:05:06:31 -0500] "GET /map HTTP/1.1" 404 418 "-" "Mozilla/5.0 (X11; Linux x86_64) AppleWebKit/537.36 (KHTML, like Gecko) Ubuntu Chromium/32.0.1700.102 Chrome/32.0.1700.102 Safari/537.36"
166.137.12.84 - - [16/Feb/2014:05:06:55 -0500] "GET /map HTTP/1.1" 200 1453 "-" "Mozilla/5.0 (X11; Linux x86_64) AppleWebKit/537.36 (KHTML, like Gecko) Ubuntu Chromium/32.0.1700.102 Chrome/32.0.1700.102 Safari/537.36"
166.137.12.84 - - [16/Feb/2014:05:06:56 -0500] "GET /static/js/map.js HTTP/1.1" 200 630 "http://theytookmydomain.net/map" "Mozilla/5.0 (X11; Linux x86_64) AppleWebKit/537.36 (KHTML, like Gecko) Ubuntu Chromium/32.0.1700.102 Chrome/32.0.1700.102 Safari/537.36"
166.137.12.84 - - [16/Feb/2014:05:08:32 -0500] "GET /map HTTP/1.1" 200 1404 "-" "Mozilla/5.0 (X11; Linux x86_64) AppleWebKit/537.36 (KHTML, like Gecko) Ubuntu Chromium/32.0.1700.102 Chrome/32.0.1700.102 Safari/537.36"
166.137.12.84 - - [16/Feb/2014:05:08:33 -0500] "GET /static/js/map.js HTTP/1.1" 304 154 "http://theytookmydomain.net/map" "Mozilla/5.0 (X11; Linux x86_64) AppleWebKit/537.36 (KHTML, like Gecko) Ubuntu Chromium/32.0.1700.102 Chrome/32.0.1700.102 Safari/537.36"
166.137.12.84 - - [16/Feb/2014:05:11:58 -0500] "GET /map HTTP/1.1" 200 1340 "-" "Mozilla/5.0 (X11; Linux x86_64) AppleWebKit/537.36 (KHTML, like Gecko) Ubuntu Chromium/32.0.1700.102 Chrome/32.0.1700.102 Safari/537.36"
166.137.12.84 - - [16/Feb/2014:05:11:58 -0500] "GET /static/js/map.js HTTP/1.1" 304 154 "http://theytookmydomain.net/map" "Mozilla/5.0 (X11; Linux x86_64) AppleWebKit/537.36 (KHTML, like Gecko) Ubuntu Chromium/32.0.1700.102 Chrome/32.0.1700.102 Safari/537.36"
166.137.12.84 - - [16/Feb/2014:05:12:10 -0500] "GET /map HTTP/1.1" 200 1340 "-" "Mozilla/5.0 (X11; Linux x86_64) AppleWebKit/537.36 (KHTML, like Gecko) Ubuntu Chromium/32.0.1700.102 Chrome/32.0.1700.102 Safari/537.36"
166.137.12.84 - - [16/Feb/2014:05:12:10 -0500] "GET /static/js/map.js HTTP/1.1" 304 154 "http://theytookmydomain.net/map" "Mozilla/5.0 (X11; Linux x86_64) AppleWebKit/537.36 (KHTML, like Gecko) Ubuntu Chromium/32.0.1700.102 Chrome/32.0.1700.102 Safari/537.36"
166.137.12.84 - - [16/Feb/2014:05:12:11 -0500] "GET /map HTTP/1.1" 200 1340 "-" "Mozilla/5.0 (X11; Linux x86_64) AppleWebKit/537.36 (KHTML, like Gecko) Ubuntu Chromium/32.0.1700.102 Chrome/32.0.1700.102 Safari/537.36"
166.137.12.84 - - [16/Feb/2014:05:12:11 -0500] "GET /static/js/map.js HTTP/1.1" 304 154 "http://theytookmydomain.net/map" "Mozilla/5.0 (X11; Linux x86_64) AppleWebKit/537.36 (KHTML, like Gecko) Ubuntu Chromium/32.0.1700.102 Chrome/32.0.1700.102 Safari/537.36"
166.137.12.84 - - [16/Feb/2014:05:12:19 -0500] "GET /map HTTP/1.1" 200 1341 "-" "Mozilla/5.0 (X11; Linux x86_64) AppleWebKit/537.36 (KHTML, like Gecko) Ubuntu Chromium/32.0.1700.102 Chrome/32.0.1700.102 Safari/537.36"
166.137.12.84 - - [16/Feb/2014:05:12:19 -0500] "GET /static/js/map.js HTTP/1.1" 304 154 "http://theytookmydomain.net/map" "Mozilla/5.0 (X11; Linux x86_64) AppleWebKit/537.36 (KHTML, like Gecko) Ubuntu Chromium/32.0.1700.102 Chrome/32.0.1700.102 Safari/537.36"
166.137.12.84 - - [16/Feb/2014:05:12:20 -0500] "GET /map HTTP/1.1" 200 1341 "-" "Mozilla/5.0 (X11; Linux x86_64) AppleWebKit/537.36 (KHTML, like Gecko) Ubuntu Chromium/32.0.1700.102 Chrome/32.0.1700.102 Safari/537.36"
166.137.12.84 - - [16/Feb/2014:05:12:21 -0500] "GET /static/js/map.js HTTP/1.1" 304 154 "http://theytookmydomain.net/map" "Mozilla/5.0 (X11; Linux x86_64) AppleWebKit/537.36 (KHTML, like Gecko) Ubuntu Chromium/32.0.1700.102 Chrome/32.0.1700.102 Safari/537.36"
166.137.12.84 - - [16/Feb/2014:05:13:21 -0500] "GET /map HTTP/1.1" 200 1345 "-" "Mozilla/5.0 (X11; Linux x86_64) AppleWebKit/537.36 (KHTML, like Gecko) Ubuntu Chromium/32.0.1700.102 Chrome/32.0.1700.102 Safari/537.36"
166.137.12.84 - - [16/Feb/2014:05:13:21 -0500] "GET /static/js/map.js HTTP/1.1" 304 154 "http://theytookmydomain.net/map" "Mozilla/5.0 (X11; Linux x86_64) AppleWebKit/537.36 (KHTML, like Gecko) Ubuntu Chromium/32.0.1700.102 Chrome/32.0.1700.102 Safari/537.36"
166.137.12.84 - - [16/Feb/2014:05:13:22 -0500] "GET /map HTTP/1.1" 200 1345 "-" "Mozilla/5.0 (X11; Linux x86_64) AppleWebKit/537.36 (KHTML, like Gecko) Ubuntu Chromium/32.0.1700.102 Chrome/32.0.1700.102 Safari/537.36"
166.137.12.84 - - [16/Feb/2014:05:13:22 -0500] "GET /static/js/map.js HTTP/1.1" 304 154 "http://theytookmydomain.net/map" "Mozilla/5.0 (X11; Linux x86_64) AppleWebKit/537.36 (KHTML, like Gecko) Ubuntu Chromium/32.0.1700.102 Chrome/32.0.1700.102 Safari/537.36"
166.137.12.84 - - [16/Feb/2014:05:13:22 -0500] "GET /map HTTP/1.1" 200 1345 "-" "Mozilla/5.0 (X11; Linux x86_64) AppleWebKit/537.36 (KHTML, like Gecko) Ubuntu Chromium/32.0.1700.102 Chrome/32.0.1700.102 Safari/537.36"
166.137.12.84 - - [16/Feb/2014:05:13:22 -0500] "GET /map HTTP/1.1" 200 1345 "-" "Mozilla/5.0 (X11; Linux x86_64) AppleWebKit/537.36 (KHTML, like Gecko) Ubuntu Chromium/32.0.1700.102 Chrome/32.0.1700.102 Safari/537.36"
166.137.12.84 - - [16/Feb/2014:05:13:23 -0500] "GET /static/js/map.js HTTP/1.1" 304 154 "http://theytookmydomain.net/map" "Mozilla/5.0 (X11; Linux x86_64) AppleWebKit/537.36 (KHTML, like Gecko) Ubuntu Chromium/32.0.1700.102 Chrome/32.0.1700.102 Safari/537.36"
166.137.12.84 - - [16/Feb/2014:05:13:23 -0500] "GET /static/js/map.js HTTP/1.1" 200 630 "http://theytookmydomain.net/map" "Mozilla/5.0 (X11; Linux x86_64) AppleWebKit/537.36 (KHTML, like Gecko) Ubuntu Chromium/32.0.1700.102 Chrome/32.0.1700.102 Safari/537.36"
166.137.12.84 - - [16/Feb/2014:05:13:23 -0500] "GET /map HTTP/1.1" 200 1345 "-" "Mozilla/5.0 (X11; Linux x86_64) AppleWebKit/537.36 (KHTML, like Gecko) Ubuntu Chromium/32.0.1700.102 Chrome/32.0.1700.102 Safari/537.36"
166.137.12.84 - - [16/Feb/2014:05:13:23 -0500] "GET /static/js/map.js HTTP/1.1" 304 154 "http://theytookmydomain.net/map" "Mozilla/5.0 (X11; Linux x86_64) AppleWebKit/537.36 (KHTML, like Gecko) Ubuntu Chromium/32.0.1700.102 Chrome/32.0.1700.102 Safari/537.36"
70.192.130.0 - - [16/Feb/2014:05:13:26 -0500] "GET / HTTP/1.1" 200 1206 "-" "Mozilla/5.0 (Linux; U; Android 4.3; en-us; SCH-I535 Build/JSS15J) AppleWebKit/534.30 (KHTML, like Gecko) Version/4.0 Mobile Safari/534.30"
70.192.130.0 - - [16/Feb/2014:05:13:26 -0500] "GET /static/css/bootstrap.min.css HTTP/1.1" 200 17502 "http://theytookmydomain.net/" "Mozilla/5.0 (Linux; U; Android 4.3; en-us; SCH-I535 Build/JSS15J) AppleWebKit/534.30 (KHTML, like Gecko) Version/4.0 Mobile Safari/534.30"
70.192.130.0 - - [16/Feb/2014:05:13:26 -0500] "GET /static/css/cover.css HTTP/1.1" 200 1299 "http://theytookmydomain.net/" "Mozilla/5.0 (Linux; U; Android 4.3; en-us; SCH-I535 Build/JSS15J) AppleWebKit/534.30 (KHTML, like Gecko) Version/4.0 Mobile Safari/534.30"
70.192.130.0 - - [16/Feb/2014:05:13:26 -0500] "GET /static/js/bootstrap.min.js HTTP/1.1" 200 8032 "http://theytookmydomain.net/" "Mozilla/5.0 (Linux; U; Android 4.3; en-us; SCH-I535 Build/JSS15J) AppleWebKit/534.30 (KHTML, like Gecko) Version/4.0 Mobile Safari/534.30"
70.192.130.0 - - [16/Feb/2014:05:13:26 -0500] "GET /static/js/docs.min.js HTTP/1.1" 404 514 "http://theytookmydomain.net/" "Mozilla/5.0 (Linux; U; Android 4.3; en-us; SCH-I535 Build/JSS15J) AppleWebKit/534.30 (KHTML, like Gecko) Version/4.0 Mobile Safari/534.30"
70.192.130.0 - - [16/Feb/2014:05:13:26 -0500] "GET /static/img/concert.jpg HTTP/1.1" 200 789380 "http://theytookmydomain.net/" "Mozilla/5.0 (Linux; U; Android 4.3; en-us; SCH-I535 Build/JSS15J) AppleWebKit/534.30 (KHTML, like Gecko) Version/4.0 Mobile Safari/534.30"
166.137.12.84 - - [16/Feb/2014:05:13:57 -0500] "GET /map HTTP/1.1" 200 1350 "-" "Mozilla/5.0 (X11; Linux x86_64) AppleWebKit/537.36 (KHTML, like Gecko) Ubuntu Chromium/32.0.1700.102 Chrome/32.0.1700.102 Safari/537.36"
166.137.12.84 - - [16/Feb/2014:05:13:57 -0500] "GET /static/js/map.js HTTP/1.1" 304 154 "http://theytookmydomain.net/map" "Mozilla/5.0 (X11; Linux x86_64) AppleWebKit/537.36 (KHTML, like Gecko) Ubuntu Chromium/32.0.1700.102 Chrome/32.0.1700.102 Safari/537.36"
70.192.130.0 - - [16/Feb/2014:05:14:12 -0500] "GET /map HTTP/1.1" 200 1432 "-" "Mozilla/5.0 (Linux; U; Android 4.3; en-us; SCH-I535 Build/JSS15J) AppleWebKit/534.30 (KHTML, like Gecko) Version/4.0 Mobile Safari/534.30"
70.192.130.0 - - [16/Feb/2014:05:14:12 -0500] "GET /static/js/map.js HTTP/1.1" 200 685 "http://theytookmydomain.net/map" "Mozilla/5.0 (Linux; U; Android 4.3; en-us; SCH-I535 Build/JSS15J) AppleWebKit/534.30 (KHTML, like Gecko) Version/4.0 Mobile Safari/534.30"
166.137.12.84 - - [16/Feb/2014:05:16:25 -0500] "GET /map HTTP/1.1" 200 1113 "-" "Mozilla/5.0 (X11; Linux x86_64) AppleWebKit/537.36 (KHTML, like Gecko) Ubuntu Chromium/32.0.1700.102 Chrome/32.0.1700.102 Safari/537.36"
166.137.12.84 - - [16/Feb/2014:05:16:25 -0500] "GET /static/js/map.js HTTP/1.1" 304 154 "http://theytookmydomain.net/map" "Mozilla/5.0 (X11; Linux x86_64) AppleWebKit/537.36 (KHTML, like Gecko) Ubuntu Chromium/32.0.1700.102 Chrome/32.0.1700.102 Safari/537.36"
166.137.12.84 - - [16/Feb/2014:05:18:51 -0500] "GET /map HTTP/1.1" 200 1032 "-" "Mozilla/5.0 (X11; Linux x86_64) AppleWebKit/537.36 (KHTML, like Gecko) Ubuntu Chromium/32.0.1700.102 Chrome/32.0.1700.102 Safari/537.36"
166.137.12.84 - - [16/Feb/2014:05:18:56 -0500] "GET /map HTTP/1.1" 200 1032 "-" "Mozilla/5.0 (X11; Linux x86_64) AppleWebKit/537.36 (KHTML, like Gecko) Ubuntu Chromium/32.0.1700.102 Chrome/32.0.1700.102 Safari/537.36"
166.137.12.84 - - [16/Feb/2014:05:18:58 -0500] "GET /map HTTP/1.1" 200 1032 "-" "Mozilla/5.0 (X11; Linux x86_64) AppleWebKit/537.36 (KHTML, like Gecko) Ubuntu Chromium/32.0.1700.102 Chrome/32.0.1700.102 Safari/537.36"
166.137.12.84 - - [16/Feb/2014:05:18:58 -0500] "GET /map HTTP/1.1" 200 1032 "-" "Mozilla/5.0 (X11; Linux x86_64) AppleWebKit/537.36 (KHTML, like Gecko) Ubuntu Chromium/32.0.1700.102 Chrome/32.0.1700.102 Safari/537.36"
166.137.12.84 - - [16/Feb/2014:05:19:29 -0500] "GET /map HTTP/1.1" 200 1028 "-" "Mozilla/5.0 (X11; Linux x86_64) AppleWebKit/537.36 (KHTML, like Gecko) Ubuntu Chromium/32.0.1700.102 Chrome/32.0.1700.102 Safari/537.36"
166.137.12.84 - - [16/Feb/2014:05:22:53 -0500] "GET /map HTTP/1.1" 200 1007 "-" "Mozilla/5.0 (X11; Linux x86_64) AppleWebKit/537.36 (KHTML, like Gecko) Ubuntu Chromium/32.0.1700.102 Chrome/32.0.1700.102 Safari/537.36"
166.137.12.84 - - [16/Feb/2014:05:24:09 -0500] "GET /map HTTP/1.1" 200 839 "-" "Mozilla/5.0 (X11; Linux x86_64) AppleWebKit/537.36 (KHTML, like Gecko) Ubuntu Chromium/32.0.1700.102 Chrome/32.0.1700.102 Safari/537.36"
166.137.12.84 - - [16/Feb/2014:05:24:10 -0500] "GET /map HTTP/1.1" 200 839 "-" "Mozilla/5.0 (X11; Linux x86_64) AppleWebKit/537.36 (KHTML, like Gecko) Ubuntu Chromium/32.0.1700.102 Chrome/32.0.1700.102 Safari/537.36"
166.137.12.84 - - [16/Feb/2014:05:24:11 -0500] "GET /map HTTP/1.1" 200 839 "-" "Mozilla/5.0 (X11; Linux x86_64) AppleWebKit/537.36 (KHTML, like Gecko) Ubuntu Chromium/32.0.1700.102 Chrome/32.0.1700.102 Safari/537.36"
166.137.12.84 - - [16/Feb/2014:05:25:48 -0500] "GET /map HTTP/1.1" 200 854 "-" "Mozilla/5.0 (X11; Linux x86_64) AppleWebKit/537.36 (KHTML, like Gecko) Ubuntu Chromium/32.0.1700.102 Chrome/32.0.1700.102 Safari/537.36"
166.137.12.84 - - [16/Feb/2014:05:25:49 -0500] "GET /map HTTP/1.1" 200 854 "-" "Mozilla/5.0 (X11; Linux x86_64) AppleWebKit/537.36 (KHTML, like Gecko) Ubuntu Chromium/32.0.1700.102 Chrome/32.0.1700.102 Safari/537.36"
166.137.12.84 - - [16/Feb/2014:05:25:49 -0500] "GET /map HTTP/1.1" 200 854 "-" "Mozilla/5.0 (X11; Linux x86_64) AppleWebKit/537.36 (KHTML, like Gecko) Ubuntu Chromium/32.0.1700.102 Chrome/32.0.1700.102 Safari/537.36"
166.137.12.84 - - [16/Feb/2014:05:25:50 -0500] "GET /map HTTP/1.1" 200 854 "-" "Mozilla/5.0 (X11; Linux x86_64) AppleWebKit/537.36 (KHTML, like Gecko) Ubuntu Chromium/32.0.1700.102 Chrome/32.0.1700.102 Safari/537.36"
166.137.12.84 - - [16/Feb/2014:05:25:50 -0500] "GET /map HTTP/1.1" 200 854 "-" "Mozilla/5.0 (X11; Linux x86_64) AppleWebKit/537.36 (KHTML, like Gecko) Ubuntu Chromium/32.0.1700.102 Chrome/32.0.1700.102 Safari/537.36"
166.137.12.84 - - [16/Feb/2014:05:27:14 -0500] "GET /map HTTP/1.1" 200 827 "-" "Mozilla/5.0 (X11; Linux x86_64) AppleWebKit/537.36 (KHTML, like Gecko) Ubuntu Chromium/32.0.1700.102 Chrome/32.0.1700.102 Safari/537.36"
166.137.12.84 - - [16/Feb/2014:05:27:15 -0500] "GET /map HTTP/1.1" 200 827 "-" "Mozilla/5.0 (X11; Linux x86_64) AppleWebKit/537.36 (KHTML, like Gecko) Ubuntu Chromium/32.0.1700.102 Chrome/32.0.1700.102 Safari/537.36"
70.192.130.0 - - [16/Feb/2014:05:28:08 -0500] "GET /map HTTP/1.1" 200 1132 "-" "Mozilla/5.0 (Linux; U; Android 4.3; en-us; SCH-I535 Build/JSS15J) AppleWebKit/534.30 (KHTML, like Gecko) Version/4.0 Mobile Safari/534.30"
166.137.12.84 - - [16/Feb/2014:05:28:12 -0500] "GET /map HTTP/1.1" 200 1050 "-" "Mozilla/5.0 (X11; Linux x86_64) AppleWebKit/537.36 (KHTML, like Gecko) Ubuntu Chromium/32.0.1700.102 Chrome/32.0.1700.102 Safari/537.36"
166.137.12.84 - - [16/Feb/2014:05:28:13 -0500] "GET /map HTTP/1.1" 200 1050 "-" "Mozilla/5.0 (X11; Linux x86_64) AppleWebKit/537.36 (KHTML, like Gecko) Ubuntu Chromium/32.0.1700.102 Chrome/32.0.1700.102 Safari/537.36"
166.137.12.84 - - [16/Feb/2014:05:28:13 -0500] "GET /map HTTP/1.1" 200 1050 "-" "Mozilla/5.0 (X11; Linux x86_64) AppleWebKit/537.36 (KHTML, like Gecko) Ubuntu Chromium/32.0.1700.102 Chrome/32.0.1700.102 Safari/537.36"
166.137.12.84 - - [16/Feb/2014:05:28:14 -0500] "GET /map HTTP/1.1" 200 1050 "-" "Mozilla/5.0 (X11; Linux x86_64) AppleWebKit/537.36 (KHTML, like Gecko) Ubuntu Chromium/32.0.1700.102 Chrome/32.0.1700.102 Safari/537.36"
166.137.12.84 - - [16/Feb/2014:05:32:50 -0500] "GET /map HTTP/1.1" 200 1125 "-" "Mozilla/5.0 (X11; Linux x86_64) AppleWebKit/537.36 (KHTML, like Gecko) Ubuntu Chromium/32.0.1700.102 Chrome/32.0.1700.102 Safari/537.36"
166.137.12.84 - - [16/Feb/2014:05:33:14 -0500] "GET /map HTTP/1.1" 200 1055 "-" "Mozilla/5.0 (X11; Linux x86_64) AppleWebKit/537.36 (KHTML, like Gecko) Ubuntu Chromium/32.0.1700.102 Chrome/32.0.1700.102 Safari/537.36"
166.137.12.84 - - [16/Feb/2014:05:34:40 -0500] "GET /map HTTP/1.1" 200 1054 "-" "Mozilla/5.0 (X11; Linux x86_64) AppleWebKit/537.36 (KHTML, like Gecko) Ubuntu Chromium/32.0.1700.102 Chrome/32.0.1700.102 Safari/537.36"
166.137.12.84 - - [16/Feb/2014:05:34:57 -0500] "GET /map HTTP/1.1" 200 1055 "-" "Mozilla/5.0 (X11; Linux x86_64) AppleWebKit/537.36 (KHTML, like Gecko) Ubuntu Chromium/32.0.1700.102 Chrome/32.0.1700.102 Safari/537.36"
166.137.12.84 - - [16/Feb/2014:05:35:06 -0500] "GET /map HTTP/1.1" 200 1054 "-" "Mozilla/5.0 (X11; Linux x86_64) AppleWebKit/537.36 (KHTML, like Gecko) Ubuntu Chromium/32.0.1700.102 Chrome/32.0.1700.102 Safari/537.36"
166.137.12.84 - - [16/Feb/2014:05:35:19 -0500] "GET /map HTTP/1.1" 200 1054 "-" "Mozilla/5.0 (X11; Linux x86_64) AppleWebKit/537.36 (KHTML, like Gecko) Ubuntu Chromium/32.0.1700.102 Chrome/32.0.1700.102 Safari/537.36"
70.192.130.0 - - [16/Feb/2014:05:35:33 -0500] "GET /map HTTP/1.1" 200 1136 "-" "Mozilla/5.0 (Linux; U; Android 4.3; en-us; SCH-I535 Build/JSS15J) AppleWebKit/534.30 (KHTML, like Gecko) Version/4.0 Mobile Safari/534.30"
166.137.12.84 - - [16/Feb/2014:05:36:44 -0500] "GET /map HTTP/1.1" 500 466 "-" "Mozilla/5.0 (X11; Linux x86_64) AppleWebKit/537.36 (KHTML, like Gecko) Ubuntu Chromium/32.0.1700.102 Chrome/32.0.1700.102 Safari/537.36"
166.137.12.84 - - [16/Feb/2014:05:36:53 -0500] "GET /map HTTP/1.1" 500 466 "-" "Mozilla/5.0 (X11; Linux x86_64) AppleWebKit/537.36 (KHTML, like Gecko) Ubuntu Chromium/32.0.1700.102 Chrome/32.0.1700.102 Safari/537.36"
166.137.12.84 - - [16/Feb/2014:05:36:54 -0500] "GET /map HTTP/1.1" 500 466 "-" "Mozilla/5.0 (X11; Linux x86_64) AppleWebKit/537.36 (KHTML, like Gecko) Ubuntu Chromium/32.0.1700.102 Chrome/32.0.1700.102 Safari/537.36"
70.192.130.0 - - [16/Feb/2014:05:36:59 -0500] "GET /map HTTP/1.1" 500 466 "-" "Mozilla/5.0 (Linux; U; Android 4.3; en-us; SCH-I535 Build/JSS15J) AppleWebKit/534.30 (KHTML, like Gecko) Version/4.0 Mobile Safari/534.30"
166.137.12.84 - - [16/Feb/2014:05:37:13 -0500] "GET /map HTTP/1.1" 500 466 "-" "Mozilla/5.0 (X11; Linux x86_64) AppleWebKit/537.36 (KHTML, like Gecko) Ubuntu Chromium/32.0.1700.102 Chrome/32.0.1700.102 Safari/537.36"
166.137.12.84 - - [16/Feb/2014:05:37:14 -0500] "GET /map HTTP/1.1" 500 466 "-" "Mozilla/5.0 (X11; Linux x86_64) AppleWebKit/537.36 (KHTML, like Gecko) Ubuntu Chromium/32.0.1700.102 Chrome/32.0.1700.102 Safari/537.36"
166.137.12.84 - - [16/Feb/2014:05:37:15 -0500] "GET /map HTTP/1.1" 500 466 "-" "Mozilla/5.0 (X11; Linux x86_64) AppleWebKit/537.36 (KHTML, like Gecko) Ubuntu Chromium/32.0.1700.102 Chrome/32.0.1700.102 Safari/537.36"
166.137.12.84 - - [16/Feb/2014:05:37:27 -0500] "GET /map HTTP/1.1" 200 1056 "-" "Mozilla/5.0 (X11; Linux x86_64) AppleWebKit/537.36 (KHTML, like Gecko) Ubuntu Chromium/32.0.1700.102 Chrome/32.0.1700.102 Safari/537.36"
166.137.12.84 - - [16/Feb/2014:05:37:44 -0500] "GET /map HTTP/1.1" 200 1053 "-" "Mozilla/5.0 (X11; Linux x86_64) AppleWebKit/537.36 (KHTML, like Gecko) Ubuntu Chromium/32.0.1700.102 Chrome/32.0.1700.102 Safari/537.36"
70.192.130.0 - - [16/Feb/2014:05:37:53 -0500] "GET /map HTTP/1.1" 200 1135 "-" "Mozilla/5.0 (Linux; U; Android 4.3; en-us; SCH-I535 Build/JSS15J) AppleWebKit/534.30 (KHTML, like Gecko) Version/4.0 Mobile Safari/534.30"
70.192.130.0 - - [16/Feb/2014:05:39:00 -0500] "GET /map HTTP/1.1" 200 1135 "http://theytookmydomain.net/map" "Mozilla/5.0 (Linux; U; Android 4.3; en-us; SCH-I535 Build/JSS15J) AppleWebKit/534.30 (KHTML, like Gecko) Version/4.0 Mobile Safari/534.30"
70.192.130.0 - - [16/Feb/2014:05:44:37 -0500] "GET /map HTTP/1.1" 200 1135 "-" "Mozilla/5.0 (Linux; U; Android 4.3; en-us; SCH-I535 Build/JSS15J) AppleWebKit/534.30 (KHTML, like Gecko) Version/4.0 Mobile Safari/534.30"
70.192.130.0 - - [16/Feb/2014:05:47:57 -0500] "GET /map HTTP/1.1" 200 1135 "-" "Mozilla/5.0 (Linux; U; Android 4.3; en-us; SCH-I535 Build/JSS15J) AppleWebKit/534.30 (KHTML, like Gecko) Version/4.0 Mobile Safari/534.30"
128.84.126.18 - - [16/Feb/2014:05:54:42 -0500] "GET / HTTP/1.1" 200 1206 "https://www.facebook.com/" "Mozilla/5.0 (Windows NT 6.1; WOW64) AppleWebKit/537.36 (KHTML, like Gecko) Chrome/31.0.1650.63 Safari/537.36"
128.84.126.18 - - [16/Feb/2014:05:54:43 -0500] "GET /static/css/bootstrap.min.css HTTP/1.1" 200 17502 "http://theytookmydomain.net/" "Mozilla/5.0 (Windows NT 6.1; WOW64) AppleWebKit/537.36 (KHTML, like Gecko) Chrome/31.0.1650.63 Safari/537.36"
128.84.126.18 - - [16/Feb/2014:05:54:43 -0500] "GET /static/css/cover.css HTTP/1.1" 200 1299 "http://theytookmydomain.net/" "Mozilla/5.0 (Windows NT 6.1; WOW64) AppleWebKit/537.36 (KHTML, like Gecko) Chrome/31.0.1650.63 Safari/537.36"
128.84.126.18 - - [16/Feb/2014:05:54:43 -0500] "GET /static/js/bootstrap.min.js HTTP/1.1" 200 8031 "http://theytookmydomain.net/" "Mozilla/5.0 (Windows NT 6.1; WOW64) AppleWebKit/537.36 (KHTML, like Gecko) Chrome/31.0.1650.63 Safari/537.36"
128.84.126.18 - - [16/Feb/2014:05:54:43 -0500] "GET /static/js/docs.min.js HTTP/1.1" 404 514 "http://theytookmydomain.net/" "Mozilla/5.0 (Windows NT 6.1; WOW64) AppleWebKit/537.36 (KHTML, like Gecko) Chrome/31.0.1650.63 Safari/537.36"
128.84.126.18 - - [16/Feb/2014:05:54:43 -0500] "GET /static/img/concert.jpg HTTP/1.1" 200 789380 "http://theytookmydomain.net/" "Mozilla/5.0 (Windows NT 6.1; WOW64) AppleWebKit/537.36 (KHTML, like Gecko) Chrome/31.0.1650.63 Safari/537.36"
128.84.126.18 - - [16/Feb/2014:05:54:43 -0500] "GET /statics/ico/favicon.ico HTTP/1.1" 404 473 "-" "Mozilla/5.0 (Windows NT 6.1; WOW64) AppleWebKit/537.36 (KHTML, like Gecko) Chrome/31.0.1650.63 Safari/537.36"
70.192.130.0 - - [16/Feb/2014:05:58:05 -0500] "GET /map HTTP/1.1" 200 1135 "-" "Mozilla/5.0 (Linux; U; Android 4.3; en-us; SCH-I535 Build/JSS15J) AppleWebKit/534.30 (KHTML, like Gecko) Version/4.0 Mobile Safari/534.30"
166.137.12.84 - - [16/Feb/2014:06:01:46 -0500] "GET /map HTTP/1.1" 200 1053 "-" "Mozilla/5.0 (X11; Linux x86_64) AppleWebKit/537.36 (KHTML, like Gecko) Ubuntu Chromium/32.0.1700.102 Chrome/32.0.1700.102 Safari/537.36"
166.137.12.84 - - [16/Feb/2014:06:01:54 -0500] "GET / HTTP/1.1" 200 1124 "-" "Mozilla/5.0 (X11; Linux x86_64) AppleWebKit/537.36 (KHTML, like Gecko) Ubuntu Chromium/32.0.1700.102 Chrome/32.0.1700.102 Safari/537.36"
166.137.12.84 - - [16/Feb/2014:06:01:54 -0500] "GET /static/js/docs.min.js HTTP/1.1" 404 458 "http://theytookmydomain.net/" "Mozilla/5.0 (X11; Linux x86_64) AppleWebKit/537.36 (KHTML, like Gecko) Ubuntu Chromium/32.0.1700.102 Chrome/32.0.1700.102 Safari/537.36"
166.137.12.84 - - [16/Feb/2014:06:01:54 -0500] "GET /static/css/cover.css HTTP/1.1" 304 154 "http://theytookmydomain.net/" "Mozilla/5.0 (X11; Linux x86_64) AppleWebKit/537.36 (KHTML, like Gecko) Ubuntu Chromium/32.0.1700.102 Chrome/32.0.1700.102 Safari/537.36"
166.137.12.84 - - [16/Feb/2014:06:01:54 -0500] "GET /static/img/concert.jpg HTTP/1.1" 304 133 "http://theytookmydomain.net/" "Mozilla/5.0 (X11; Linux x86_64) AppleWebKit/537.36 (KHTML, like Gecko) Ubuntu Chromium/32.0.1700.102 Chrome/32.0.1700.102 Safari/537.36"
166.137.12.84 - - [16/Feb/2014:06:02:01 -0500] "GET /mangos?long=99&lat=99&amp=88&freq=77 HTTP/1.1" 200 1123 "-" "Mozilla/5.0 (X11; Linux x86_64) AppleWebKit/537.36 (KHTML, like Gecko) Ubuntu Chromium/32.0.1700.102 Chrome/32.0.1700.102 Safari/537.36"
166.137.12.84 - - [16/Feb/2014:06:02:01 -0500] "GET /static/js/docs.min.js HTTP/1.1" 404 458 "http://theytookmydomain.net/mangos?long=99&lat=99&amp=88&freq=77" "Mozilla/5.0 (X11; Linux x86_64) AppleWebKit/537.36 (KHTML, like Gecko) Ubuntu Chromium/32.0.1700.102 Chrome/32.0.1700.102 Safari/537.36"
158.130.165.188 - - [16/Feb/2014:06:03:59 -0500] "GET / HTTP/1.1" 200 1206 "-" "Mozilla/5.0 (X11; Linux x86_64) AppleWebKit/537.36 (KHTML, like Gecko) Chrome/29.0.1547.57 Safari/537.36"
158.130.165.188 - - [16/Feb/2014:06:03:59 -0500] "GET /static/css/bootstrap.min.css HTTP/1.1" 304 211 "http://theytookmydomain.net/" "Mozilla/5.0 (X11; Linux x86_64) AppleWebKit/537.36 (KHTML, like Gecko) Chrome/29.0.1547.57 Safari/537.36"
158.130.165.188 - - [16/Feb/2014:06:03:59 -0500] "GET /static/css/cover.css HTTP/1.1" 304 210 "http://theytookmydomain.net/" "Mozilla/5.0 (X11; Linux x86_64) AppleWebKit/537.36 (KHTML, like Gecko) Chrome/29.0.1547.57 Safari/537.36"
158.130.165.188 - - [16/Feb/2014:06:03:59 -0500] "GET /static/js/docs.min.js HTTP/1.1" 404 514 "http://theytookmydomain.net/" "Mozilla/5.0 (X11; Linux x86_64) AppleWebKit/537.36 (KHTML, like Gecko) Chrome/29.0.1547.57 Safari/537.36"
158.130.165.188 - - [16/Feb/2014:06:03:59 -0500] "GET /static/img/concert.jpg HTTP/1.1" 304 188 "http://theytookmydomain.net/" "Mozilla/5.0 (X11; Linux x86_64) AppleWebKit/537.36 (KHTML, like Gecko) Chrome/29.0.1547.57 Safari/537.36"
70.192.130.0 - - [16/Feb/2014:06:05:07 -0500] "GET /map HTTP/1.1" 200 1135 "-" "Mozilla/5.0 (Linux; U; Android 4.3; en-us; SCH-I535 Build/JSS15J) AppleWebKit/534.30 (KHTML, like Gecko) Version/4.0 Mobile Safari/534.30"
158.130.165.188 - - [16/Feb/2014:06:06:02 -0500] "GET / HTTP/1.1" 200 1206 "-" "Mozilla/5.0 (X11; Linux x86_64) AppleWebKit/537.36 (KHTML, like Gecko) Chrome/29.0.1547.57 Safari/537.36"
158.130.165.188 - - [16/Feb/2014:06:06:02 -0500] "GET /static/js/docs.min.js HTTP/1.1" 404 513 "http://theytookmydomain.net/" "Mozilla/5.0 (X11; Linux x86_64) AppleWebKit/537.36 (KHTML, like Gecko) Chrome/29.0.1547.57 Safari/537.36"
166.137.12.84 - - [16/Feb/2014:06:10:24 -0500] "GET /map HTTP/1.1" 200 1053 "-" "Mozilla/5.0 (X11; Linux x86_64) AppleWebKit/537.36 (KHTML, like Gecko) Ubuntu Chromium/32.0.1700.102 Chrome/32.0.1700.102 Safari/537.36"
158.130.165.188 - - [16/Feb/2014:06:14:21 -0500] "GET /mangos?lat=46&long=47&amp=48&freq=49 HTTP/1.1" 200 1205 "-" "Mozilla/5.0 (X11; Linux x86_64) AppleWebKit/537.36 (KHTML, like Gecko) Chrome/29.0.1547.57 Safari/537.36"
158.130.165.188 - - [16/Feb/2014:06:14:22 -0500] "GET /static/js/docs.min.js HTTP/1.1" 404 513 "http://theytookmydomain.net/mangos?lat=46&long=47&amp=48&freq=49" "Mozilla/5.0 (X11; Linux x86_64) AppleWebKit/537.36 (KHTML, like Gecko) Chrome/29.0.1547.57 Safari/537.36"
70.192.130.0 - - [16/Feb/2014:06:15:01 -0500] "GET /map HTTP/1.1" 200 1135 "-" "Mozilla/5.0 (Linux; U; Android 4.3; en-us; SCH-I535 Build/JSS15J) AppleWebKit/534.30 (KHTML, like Gecko) Version/4.0 Mobile Safari/534.30"
166.137.12.84 - - [16/Feb/2014:06:16:24 -0500] "GET / HTTP/1.1" 200 1203 "-" "Mozilla/5.0 (X11; Linux x86_64) AppleWebKit/537.36 (KHTML, like Gecko) Ubuntu Chromium/32.0.1700.102 Chrome/32.0.1700.102 Safari/537.36"
166.137.12.84 - - [16/Feb/2014:06:16:25 -0500] "GET /static/js/docs.min.js HTTP/1.1" 404 458 "http://theytookmydomain.net/" "Mozilla/5.0 (X11; Linux x86_64) AppleWebKit/537.36 (KHTML, like Gecko) Ubuntu Chromium/32.0.1700.102 Chrome/32.0.1700.102 Safari/537.36"
166.137.12.84 - - [16/Feb/2014:06:16:34 -0500] "GET /maps/ HTTP/1.1" 404 418 "http://theytookmydomain.net/" "Mozilla/5.0 (X11; Linux x86_64) AppleWebKit/537.36 (KHTML, like Gecko) Ubuntu Chromium/32.0.1700.102 Chrome/32.0.1700.102 Safari/537.36"
166.137.12.84 - - [16/Feb/2014:06:16:36 -0500] "GET /maps/ HTTP/1.1" 404 418 "-" "Mozilla/5.0 (X11; Linux x86_64) AppleWebKit/537.36 (KHTML, like Gecko) Ubuntu Chromium/32.0.1700.102 Chrome/32.0.1700.102 Safari/537.36"
166.137.12.84 - - [16/Feb/2014:06:16:37 -0500] "GET /maps HTTP/1.1" 404 418 "-" "Mozilla/5.0 (X11; Linux x86_64) AppleWebKit/537.36 (KHTML, like Gecko) Ubuntu Chromium/32.0.1700.102 Chrome/32.0.1700.102 Safari/537.36"
166.137.12.84 - - [16/Feb/2014:06:16:38 -0500] "GET /maps HTTP/1.1" 404 418 "-" "Mozilla/5.0 (X11; Linux x86_64) AppleWebKit/537.36 (KHTML, like Gecko) Ubuntu Chromium/32.0.1700.102 Chrome/32.0.1700.102 Safari/537.36"
166.137.12.84 - - [16/Feb/2014:06:17:05 -0500] "GET /maps/ HTTP/1.1" 404 418 "-" "Mozilla/5.0 (X11; Linux x86_64) AppleWebKit/537.36 (KHTML, like Gecko) Ubuntu Chromium/32.0.1700.102 Chrome/32.0.1700.102 Safari/537.36"
166.137.12.84 - - [16/Feb/2014:06:17:08 -0500] "GET /maps/ HTTP/1.1" 404 418 "-" "Mozilla/5.0 (X11; Linux x86_64) AppleWebKit/537.36 (KHTML, like Gecko) Ubuntu Chromium/32.0.1700.102 Chrome/32.0.1700.102 Safari/537.36"
70.192.130.0 - - [16/Feb/2014:06:17:14 -0500] "GET /map HTTP/1.1" 500 466 "-" "Mozilla/5.0 (Linux; U; Android 4.3; en-us; SCH-I535 Build/JSS15J) AppleWebKit/534.30 (KHTML, like Gecko) Version/4.0 Mobile Safari/534.30"
70.192.7.203 - - [16/Feb/2014:06:17:59 -0500] "GET / HTTP/1.1" 200 1285 "http://m.facebook.com/l.php?u=http%3A%2F%2Ftheytookmydomain.net%2F&h=JAQG7DuSi&s=1&enc=AZNgsL9LhroHBMk09ESca9PC-wG4e-AWXPiJBAr5oZ4CmxLLUKWSgo_g-75p1bUR0gr-eBp8YCPwt_NOJswcePAW" "Mozilla/5.0 (Linux; Android 4.3; HTC6500LVW Build/JSS15J) AppleWebKit/537.36 (KHTML, like Gecko) Chrome/32.0.1700.99 Mobile Safari/537.36"
70.192.7.203 - - [16/Feb/2014:06:17:59 -0500] "GET /static/css/cover.css HTTP/1.1" 200 1299 "http://theytookmydomain.net/" "Mozilla/5.0 (Linux; Android 4.3; HTC6500LVW Build/JSS15J) AppleWebKit/537.36 (KHTML, like Gecko) Chrome/32.0.1700.99 Mobile Safari/537.36"
70.192.7.203 - - [16/Feb/2014:06:17:59 -0500] "GET /static/css/bootstrap.min.css HTTP/1.1" 304 211 "http://theytookmydomain.net/" "Mozilla/5.0 (Linux; Android 4.3; HTC6500LVW Build/JSS15J) AppleWebKit/537.36 (KHTML, like Gecko) Chrome/32.0.1700.99 Mobile Safari/537.36"
70.192.7.203 - - [16/Feb/2014:06:17:59 -0500] "GET /static/js/docs.min.js HTTP/1.1" 404 514 "http://theytookmydomain.net/" "Mozilla/5.0 (Linux; Android 4.3; HTC6500LVW Build/JSS15J) AppleWebKit/537.36 (KHTML, like Gecko) Chrome/32.0.1700.99 Mobile Safari/537.36"
70.192.7.203 - - [16/Feb/2014:06:17:59 -0500] "GET /static/js/bootstrap.min.js HTTP/1.1" 304 211 "http://theytookmydomain.net/" "Mozilla/5.0 (Linux; Android 4.3; HTC6500LVW Build/JSS15J) AppleWebKit/537.36 (KHTML, like Gecko) Chrome/32.0.1700.99 Mobile Safari/537.36"
70.192.7.203 - - [16/Feb/2014:06:17:59 -0500] "GET /static/img/concert.jpg HTTP/1.1" 200 789380 "http://theytookmydomain.net/" "Mozilla/5.0 (Linux; Android 4.3; HTC6500LVW Build/JSS15J) AppleWebKit/537.36 (KHTML, like Gecko) Chrome/32.0.1700.99 Mobile Safari/537.36"
70.192.7.203 - - [16/Feb/2014:06:18:23 -0500] "GET /maps/ HTTP/1.1" 404 474 "http://theytookmydomain.net/" "Mozilla/5.0 (Linux; Android 4.3; HTC6500LVW Build/JSS15J) AppleWebKit/537.36 (KHTML, like Gecko) Chrome/32.0.1700.99 Mobile Safari/537.36"
70.192.7.203 - - [16/Feb/2014:06:18:23 -0500] "GET /favicon.ico HTTP/1.1" 404 473 "-" "Mozilla/5.0 (Linux; Android 4.3; HTC6500LVW Build/JSS15J) AppleWebKit/537.36 (KHTML, like Gecko) Chrome/32.0.1700.99 Mobile Safari/537.36"
166.137.12.84 - - [16/Feb/2014:06:19:04 -0500] "GET / HTTP/1.1" 200 1203 "-" "Mozilla/5.0 (X11; Linux x86_64) AppleWebKit/537.36 (KHTML, like Gecko) Ubuntu Chromium/32.0.1700.102 Chrome/32.0.1700.102 Safari/537.36"
166.137.12.84 - - [16/Feb/2014:06:19:05 -0500] "GET /static/js/docs.min.js HTTP/1.1" 404 458 "http://theytookmydomain.net/" "Mozilla/5.0 (X11; Linux x86_64) AppleWebKit/537.36 (KHTML, like Gecko) Ubuntu Chromium/32.0.1700.102 Chrome/32.0.1700.102 Safari/537.36"
166.137.12.84 - - [16/Feb/2014:06:19:27 -0500] "GET /maps/ HTTP/1.1" 404 418 "http://theytookmydomain.net/" "Mozilla/5.0 (X11; Linux x86_64) AppleWebKit/537.36 (KHTML, like Gecko) Ubuntu Chromium/32.0.1700.102 Chrome/32.0.1700.102 Safari/537.36"
158.130.165.188 - - [16/Feb/2014:06:20:20 -0500] "GET /mangos?lat=46&long=47&amp=48&freq=49 HTTP/1.1" 500 466 "-" "Mozilla/5.0 (X11; Linux x86_64) AppleWebKit/537.36 (KHTML, like Gecko) Chrome/29.0.1547.57 Safari/537.36"
166.137.12.84 - - [16/Feb/2014:06:21:54 -0500] "GET /maps/ HTTP/1.1" 404 418 "-" "Mozilla/5.0 (X11; Linux x86_64) AppleWebKit/537.36 (KHTML, like Gecko) Ubuntu Chromium/32.0.1700.102 Chrome/32.0.1700.102 Safari/537.36"
166.137.12.84 - - [16/Feb/2014:06:21:55 -0500] "GET /maps/ HTTP/1.1" 404 418 "-" "Mozilla/5.0 (X11; Linux x86_64) AppleWebKit/537.36 (KHTML, like Gecko) Ubuntu Chromium/32.0.1700.102 Chrome/32.0.1700.102 Safari/537.36"
166.137.12.84 - - [16/Feb/2014:06:22:35 -0500] "GET /maps HTTP/1.1" 404 418 "-" "Mozilla/5.0 (X11; Linux x86_64) AppleWebKit/537.36 (KHTML, like Gecko) Ubuntu Chromium/32.0.1700.102 Chrome/32.0.1700.102 Safari/537.36"
166.137.12.84 - - [16/Feb/2014:06:22:36 -0500] "GET /maps HTTP/1.1" 404 418 "-" "Mozilla/5.0 (X11; Linux x86_64) AppleWebKit/537.36 (KHTML, like Gecko) Ubuntu Chromium/32.0.1700.102 Chrome/32.0.1700.102 Safari/537.36"
166.137.12.84 - - [16/Feb/2014:06:22:37 -0500] "GET /maps HTTP/1.1" 404 418 "-" "Mozilla/5.0 (X11; Linux x86_64) AppleWebKit/537.36 (KHTML, like Gecko) Ubuntu Chromium/32.0.1700.102 Chrome/32.0.1700.102 Safari/537.36"
166.137.12.84 - - [16/Feb/2014:06:22:56 -0500] "GET /map HTTP/1.1" 500 466 "-" "Mozilla/5.0 (X11; Linux x86_64) AppleWebKit/537.36 (KHTML, like Gecko) Ubuntu Chromium/32.0.1700.102 Chrome/32.0.1700.102 Safari/537.36"
166.137.12.84 - - [16/Feb/2014:06:22:58 -0500] "GET /maps HTTP/1.1" 404 418 "-" "Mozilla/5.0 (X11; Linux x86_64) AppleWebKit/537.36 (KHTML, like Gecko) Ubuntu Chromium/32.0.1700.102 Chrome/32.0.1700.102 Safari/537.36"
166.137.12.84 - - [16/Feb/2014:06:23:01 -0500] "GET /map HTTP/1.1" 500 466 "-" "Mozilla/5.0 (X11; Linux x86_64) AppleWebKit/537.36 (KHTML, like Gecko) Ubuntu Chromium/32.0.1700.102 Chrome/32.0.1700.102 Safari/537.36"
166.137.12.84 - - [16/Feb/2014:06:23:02 -0500] "GET /map HTTP/1.1" 500 466 "-" "Mozilla/5.0 (X11; Linux x86_64) AppleWebKit/537.36 (KHTML, like Gecko) Ubuntu Chromium/32.0.1700.102 Chrome/32.0.1700.102 Safari/537.36"
166.137.12.84 - - [16/Feb/2014:06:23:21 -0500] "GET /map HTTP/1.1" 500 466 "-" "Mozilla/5.0 (X11; Linux x86_64) AppleWebKit/537.36 (KHTML, like Gecko) Ubuntu Chromium/32.0.1700.102 Chrome/32.0.1700.102 Safari/537.36"
166.137.12.84 - - [16/Feb/2014:06:23:22 -0500] "GET /map HTTP/1.1" 500 466 "-" "Mozilla/5.0 (X11; Linux x86_64) AppleWebKit/537.36 (KHTML, like Gecko) Ubuntu Chromium/32.0.1700.102 Chrome/32.0.1700.102 Safari/537.36"
166.137.12.84 - - [16/Feb/2014:06:23:23 -0500] "GET /map HTTP/1.1" 500 466 "-" "Mozilla/5.0 (X11; Linux x86_64) AppleWebKit/537.36 (KHTML, like Gecko) Ubuntu Chromium/32.0.1700.102 Chrome/32.0.1700.102 Safari/537.36"
166.137.12.84 - - [16/Feb/2014:06:25:21 -0500] "GET / HTTP/1.1" 200 1124 "-" "Mozilla/5.0 (X11; Linux x86_64) AppleWebKit/537.36 (KHTML, like Gecko) Ubuntu Chromium/32.0.1700.102 Chrome/32.0.1700.102 Safari/537.36"
166.137.12.84 - - [16/Feb/2014:06:25:21 -0500] "GET / HTTP/1.1" 200 1124 "-" "Mozilla/5.0 (X11; Linux x86_64) AppleWebKit/537.36 (KHTML, like Gecko) Ubuntu Chromium/32.0.1700.102 Chrome/32.0.1700.102 Safari/537.36"
70.192.130.0 - - [16/Feb/2014:06:26:45 -0500] "GET /map HTTP/1.1" 500 466 "-" "Mozilla/5.0 (Linux; U; Android 4.3; en-us; SCH-I535 Build/JSS15J) AppleWebKit/534.30 (KHTML, like Gecko) Version/4.0 Mobile Safari/534.30"
70.192.130.0 - - [16/Feb/2014:06:27:20 -0500] "GET /map HTTP/1.1" 500 466 "-" "Mozilla/5.0 (Linux; U; Android 4.3; en-us; SCH-I535 Build/JSS15J) AppleWebKit/534.30 (KHTML, like Gecko) Version/4.0 Mobile Safari/534.30"
70.192.130.0 - - [16/Feb/2014:06:27:25 -0500] "GET /map HTTP/1.1" 500 466 "-" "Mozilla/5.0 (Linux; U; Android 4.3; en-us; SCH-I535 Build/JSS15J) AppleWebKit/534.30 (KHTML, like Gecko) Version/4.0 Mobile Safari/534.30"
166.137.12.84 - - [16/Feb/2014:06:30:00 -0500] "GET /mangos?long=99&lat=99&amp=88&freq=77 HTTP/1.1" 500 466 "-" "Mozilla/5.0 (X11; Linux x86_64) AppleWebKit/537.36 (KHTML, like Gecko) Ubuntu Chromium/32.0.1700.102 Chrome/32.0.1700.102 Safari/537.36"
70.192.130.0 - - [16/Feb/2014:06:30:02 -0500] "GET /map HTTP/1.1" 500 466 "-" "Mozilla/5.0 (Linux; U; Android 4.3; en-us; SCH-I535 Build/JSS15J) AppleWebKit/534.30 (KHTML, like Gecko) Version/4.0 Mobile Safari/534.30"
166.137.12.84 - - [16/Feb/2014:06:30:04 -0500] "GET /mangos?long=99&lat=99&amp=88&freq=77 HTTP/1.1" 500 466 "-" "Mozilla/5.0 (X11; Linux x86_64) AppleWebKit/537.36 (KHTML, like Gecko) Ubuntu Chromium/32.0.1700.102 Chrome/32.0.1700.102 Safari/537.36"
166.137.12.84 - - [16/Feb/2014:06:30:05 -0500] "GET /mangos?long=99&lat=99&amp=88&freq=77 HTTP/1.1" 500 466 "-" "Mozilla/5.0 (X11; Linux x86_64) AppleWebKit/537.36 (KHTML, like Gecko) Ubuntu Chromium/32.0.1700.102 Chrome/32.0.1700.102 Safari/537.36"
70.192.130.0 - - [16/Feb/2014:06:30:08 -0500] "GET /map HTTP/1.1" 500 466 "-" "Mozilla/5.0 (Linux; U; Android 4.3; en-us; SCH-I535 Build/JSS15J) AppleWebKit/534.30 (KHTML, like Gecko) Version/4.0 Mobile Safari/534.30"
166.137.12.84 - - [16/Feb/2014:06:30:34 -0500] "GET /mangos?long=99&lat=99&amp=88&freq=77 HTTP/1.1" 500 466 "-" "Mozilla/5.0 (X11; Linux x86_64) AppleWebKit/537.36 (KHTML, like Gecko) Ubuntu Chromium/32.0.1700.102 Chrome/32.0.1700.102 Safari/537.36"
166.137.12.84 - - [16/Feb/2014:06:31:36 -0500] "GET /mangos?long=99&lat=99&amp=88&freq=77 HTTP/1.1" 500 466 "-" "Mozilla/5.0 (X11; Linux x86_64) AppleWebKit/537.36 (KHTML, like Gecko) Ubuntu Chromium/32.0.1700.102 Chrome/32.0.1700.102 Safari/537.36"
166.137.12.84 - - [16/Feb/2014:06:31:38 -0500] "GET /mangos?long=99&lat=99&amp=88&freq=77 HTTP/1.1" 500 466 "-" "Mozilla/5.0 (X11; Linux x86_64) AppleWebKit/537.36 (KHTML, like Gecko) Ubuntu Chromium/32.0.1700.102 Chrome/32.0.1700.102 Safari/537.36"
70.192.130.0 - - [16/Feb/2014:06:31:55 -0500] "GET /map HTTP/1.1" 200 1135 "-" "Mozilla/5.0 (Linux; U; Android 4.3; en-us; SCH-I535 Build/JSS15J) AppleWebKit/534.30 (KHTML, like Gecko) Version/4.0 Mobile Safari/534.30"
166.137.12.84 - - [16/Feb/2014:06:32:06 -0500] "GET /mangos?long=99&lat=99&amp=88&freq=77 HTTP/1.1" 500 466 "-" "Mozilla/5.0 (X11; Linux x86_64) AppleWebKit/537.36 (KHTML, like Gecko) Ubuntu Chromium/32.0.1700.102 Chrome/32.0.1700.102 Safari/537.36"
70.192.130.0 - - [16/Feb/2014:06:32:08 -0500] "GET /map HTTP/1.1" 200 1135 "-" "Mozilla/5.0 (Linux; U; Android 4.3; en-us; SCH-I535 Build/JSS15J) AppleWebKit/534.30 (KHTML, like Gecko) Version/4.0 Mobile Safari/534.30"
70.192.130.0 - - [16/Feb/2014:06:32:25 -0500] "GET /map HTTP/1.1" 200 1135 "-" "Mozilla/5.0 (Linux; U; Android 4.3; en-us; SCH-I535 Build/JSS15J) AppleWebKit/534.30 (KHTML, like Gecko) Version/4.0 Mobile Safari/534.30"
166.137.12.84 - - [16/Feb/2014:06:35:47 -0500] "GET /mangos?long=99&lat=99&amp=88&freq=77 HTTP/1.1" 200 1122 "-" "Mozilla/5.0 (X11; Linux x86_64) AppleWebKit/537.36 (KHTML, like Gecko) Ubuntu Chromium/32.0.1700.102 Chrome/32.0.1700.102 Safari/537.36"
166.137.12.84 - - [16/Feb/2014:06:35:47 -0500] "GET /static/css/bootstrap.min.css HTTP/1.1" 304 156 "http://theytookmydomain.net/mangos?long=99&lat=99&amp=88&freq=77" "Mozilla/5.0 (X11; Linux x86_64) AppleWebKit/537.36 (KHTML, like Gecko) Ubuntu Chromium/32.0.1700.102 Chrome/32.0.1700.102 Safari/537.36"
166.137.12.84 - - [16/Feb/2014:06:35:47 -0500] "GET /static/css/cover.css HTTP/1.1" 304 154 "http://theytookmydomain.net/" "Mozilla/5.0 (X11; Linux x86_64) AppleWebKit/537.36 (KHTML, like Gecko) Ubuntu Chromium/32.0.1700.102 Chrome/32.0.1700.102 Safari/537.36"
166.137.12.84 - - [16/Feb/2014:06:35:47 -0500] "GET /static/js/bootstrap.min.js HTTP/1.1" 304 155 "http://theytookmydomain.net/mangos?long=99&lat=99&amp=88&freq=77" "Mozilla/5.0 (X11; Linux x86_64) AppleWebKit/537.36 (KHTML, like Gecko) Ubuntu Chromium/32.0.1700.102 Chrome/32.0.1700.102 Safari/537.36"
166.137.12.84 - - [16/Feb/2014:06:35:47 -0500] "GET /static/img/concert.jpg HTTP/1.1" 304 133 "http://theytookmydomain.net/mangos?long=99&lat=99&amp=88&freq=77" "Mozilla/5.0 (X11; Linux x86_64) AppleWebKit/537.36 (KHTML, like Gecko) Ubuntu Chromium/32.0.1700.102 Chrome/32.0.1700.102 Safari/537.36"
166.137.12.84 - - [16/Feb/2014:06:36:11 -0500] "GET /mangos?long=80&lat=8&amp=88&freq=77 HTTP/1.1" 200 1122 "-" "Mozilla/5.0 (X11; Linux x86_64) AppleWebKit/537.36 (KHTML, like Gecko) Ubuntu Chromium/32.0.1700.102 Chrome/32.0.1700.102 Safari/537.36"
166.137.12.84 - - [16/Feb/2014:06:36:16 -0500] "GET /mangos?long=80&lat=8&amp=88&freq=77 HTTP/1.1" 200 1122 "-" "Mozilla/5.0 (X11; Linux x86_64) AppleWebKit/537.36 (KHTML, like Gecko) Ubuntu Chromium/32.0.1700.102 Chrome/32.0.1700.102 Safari/537.36"
166.137.12.84 - - [16/Feb/2014:06:36:17 -0500] "GET /static/js/bootstrap.min.js HTTP/1.1" 304 155 "http://theytookmydomain.net/mangos?long=80&lat=8&amp=88&freq=77" "Mozilla/5.0 (X11; Linux x86_64) AppleWebKit/537.36 (KHTML, like Gecko) Ubuntu Chromium/32.0.1700.102 Chrome/32.0.1700.102 Safari/537.36"
166.137.12.84 - - [16/Feb/2014:06:36:56 -0500] "GET /mangos?long=80&lat=8&amp=88&freq=77 HTTP/1.1" 200 1122 "-" "Mozilla/5.0 (X11; Linux x86_64) AppleWebKit/537.36 (KHTML, like Gecko) Ubuntu Chromium/32.0.1700.102 Chrome/32.0.1700.102 Safari/537.36"
166.137.12.84 - - [16/Feb/2014:06:36:56 -0500] "GET /static/js/bootstrap.min.js HTTP/1.1" 304 155 "http://theytookmydomain.net/mangos?long=80&lat=8&amp=88&freq=77" "Mozilla/5.0 (X11; Linux x86_64) AppleWebKit/537.36 (KHTML, like Gecko) Ubuntu Chromium/32.0.1700.102 Chrome/32.0.1700.102 Safari/537.36"
166.137.12.84 - - [16/Feb/2014:06:37:03 -0500] "GET /mangos?long=80&lat=8&amp=88&freq=77 HTTP/1.1" 200 1120 "-" "Mozilla/5.0 (X11; Linux x86_64) AppleWebKit/537.36 (KHTML, like Gecko) Ubuntu Chromium/32.0.1700.102 Chrome/32.0.1700.102 Safari/537.36"
166.137.12.84 - - [16/Feb/2014:06:37:04 -0500] "GET /static/js/bootstrap.min.js HTTP/1.1" 304 155 "http://theytookmydomain.net/mangos?long=80&lat=8&amp=88&freq=77" "Mozilla/5.0 (X11; Linux x86_64) AppleWebKit/537.36 (KHTML, like Gecko) Ubuntu Chromium/32.0.1700.102 Chrome/32.0.1700.102 Safari/537.36"
166.137.12.84 - - [16/Feb/2014:06:37:41 -0500] "GET /mangos?long=80&lat=8&amp=88&freq=77 HTTP/1.1" 200 1120 "-" "Mozilla/5.0 (X11; Linux x86_64) AppleWebKit/537.36 (KHTML, like Gecko) Ubuntu Chromium/32.0.1700.102 Chrome/32.0.1700.102 Safari/537.36"
166.137.12.84 - - [16/Feb/2014:06:37:42 -0500] "GET /static/css/bootstrap.min.css HTTP/1.1" 304 156 "http://theytookmydomain.net/mangos?long=99&lat=99&amp=88&freq=77" "Mozilla/5.0 (X11; Linux x86_64) AppleWebKit/537.36 (KHTML, like Gecko) Ubuntu Chromium/32.0.1700.102 Chrome/32.0.1700.102 Safari/537.36"
166.137.12.84 - - [16/Feb/2014:06:37:42 -0500] "GET /static/css/cover.css HTTP/1.1" 304 154 "http://theytookmydomain.net/" "Mozilla/5.0 (X11; Linux x86_64) AppleWebKit/537.36 (KHTML, like Gecko) Ubuntu Chromium/32.0.1700.102 Chrome/32.0.1700.102 Safari/537.36"
166.137.12.84 - - [16/Feb/2014:06:37:42 -0500] "GET /static/js/bootstrap.min.js HTTP/1.1" 304 155 "http://theytookmydomain.net/mangos?long=80&lat=8&amp=88&freq=77" "Mozilla/5.0 (X11; Linux x86_64) AppleWebKit/537.36 (KHTML, like Gecko) Ubuntu Chromium/32.0.1700.102 Chrome/32.0.1700.102 Safari/537.36"
166.137.12.84 - - [16/Feb/2014:06:37:42 -0500] "GET /static/img/concert.jpg HTTP/1.1" 304 133 "http://theytookmydomain.net/mangos?long=99&lat=99&amp=88&freq=77" "Mozilla/5.0 (X11; Linux x86_64) AppleWebKit/537.36 (KHTML, like Gecko) Ubuntu Chromium/32.0.1700.102 Chrome/32.0.1700.102 Safari/537.36"
166.137.12.84 - - [16/Feb/2014:06:39:34 -0500] "GET /mangos?long=80&lat=8&amp=88&freq=77 HTTP/1.1" 200 1120 "-" "Mozilla/5.0 (X11; Linux x86_64) AppleWebKit/537.36 (KHTML, like Gecko) Ubuntu Chromium/32.0.1700.102 Chrome/32.0.1700.102 Safari/537.36"
166.137.12.84 - - [16/Feb/2014:06:39:34 -0500] "GET /static/css/bootstrap.min.css HTTP/1.1" 304 156 "http://theytookmydomain.net/mangos?long=99&lat=99&amp=88&freq=77" "Mozilla/5.0 (X11; Linux x86_64) AppleWebKit/537.36 (KHTML, like Gecko) Ubuntu Chromium/32.0.1700.102 Chrome/32.0.1700.102 Safari/537.36"
166.137.12.84 - - [16/Feb/2014:06:39:34 -0500] "GET /static/js/bootstrap.min.js HTTP/1.1" 304 155 "http://theytookmydomain.net/mangos?long=80&lat=8&amp=88&freq=77" "Mozilla/5.0 (X11; Linux x86_64) AppleWebKit/537.36 (KHTML, like Gecko) Ubuntu Chromium/32.0.1700.102 Chrome/32.0.1700.102 Safari/537.36"
166.137.12.84 - - [16/Feb/2014:06:39:34 -0500] "GET /static/css/cover.css HTTP/1.1" 304 154 "http://theytookmydomain.net/" "Mozilla/5.0 (X11; Linux x86_64) AppleWebKit/537.36 (KHTML, like Gecko) Ubuntu Chromium/32.0.1700.102 Chrome/32.0.1700.102 Safari/537.36"
166.137.12.84 - - [16/Feb/2014:06:39:35 -0500] "GET /static/img/concert.jpg HTTP/1.1" 304 133 "http://theytookmydomain.net/mangos?long=99&lat=99&amp=88&freq=77" "Mozilla/5.0 (X11; Linux x86_64) AppleWebKit/537.36 (KHTML, like Gecko) Ubuntu Chromium/32.0.1700.102 Chrome/32.0.1700.102 Safari/537.36"
166.137.12.84 - - [16/Feb/2014:06:39:36 -0500] "GET /mangos?long=80&lat=8&amp=88&freq=77 HTTP/1.1" 200 1120 "-" "Mozilla/5.0 (X11; Linux x86_64) AppleWebKit/537.36 (KHTML, like Gecko) Ubuntu Chromium/32.0.1700.102 Chrome/32.0.1700.102 Safari/537.36"
166.137.12.84 - - [16/Feb/2014:06:39:36 -0500] "GET /static/css/bootstrap.min.css HTTP/1.1" 304 156 "http://theytookmydomain.net/mangos?long=99&lat=99&amp=88&freq=77" "Mozilla/5.0 (X11; Linux x86_64) AppleWebKit/537.36 (KHTML, like Gecko) Ubuntu Chromium/32.0.1700.102 Chrome/32.0.1700.102 Safari/537.36"
166.137.12.84 - - [16/Feb/2014:06:39:36 -0500] "GET /static/css/cover.css HTTP/1.1" 304 154 "http://theytookmydomain.net/" "Mozilla/5.0 (X11; Linux x86_64) AppleWebKit/537.36 (KHTML, like Gecko) Ubuntu Chromium/32.0.1700.102 Chrome/32.0.1700.102 Safari/537.36"
166.137.12.84 - - [16/Feb/2014:06:39:36 -0500] "GET /static/js/bootstrap.min.js HTTP/1.1" 304 155 "http://theytookmydomain.net/mangos?long=80&lat=8&amp=88&freq=77" "Mozilla/5.0 (X11; Linux x86_64) AppleWebKit/537.36 (KHTML, like Gecko) Ubuntu Chromium/32.0.1700.102 Chrome/32.0.1700.102 Safari/537.36"
166.137.12.84 - - [16/Feb/2014:06:39:36 -0500] "GET /static/img/concert.jpg HTTP/1.1" 304 133 "http://theytookmydomain.net/mangos?long=99&lat=99&amp=88&freq=77" "Mozilla/5.0 (X11; Linux x86_64) AppleWebKit/537.36 (KHTML, like Gecko) Ubuntu Chromium/32.0.1700.102 Chrome/32.0.1700.102 Safari/537.36"
166.137.12.84 - - [16/Feb/2014:06:39:40 -0500] "GET /map HTTP/1.1" 200 1053 "-" "Mozilla/5.0 (X11; Linux x86_64) AppleWebKit/537.36 (KHTML, like Gecko) Ubuntu Chromium/32.0.1700.102 Chrome/32.0.1700.102 Safari/537.36"
166.137.12.84 - - [16/Feb/2014:06:39:56 -0500] "GET /map HTTP/1.1" 200 1053 "-" "Mozilla/5.0 (X11; Linux x86_64) AppleWebKit/537.36 (KHTML, like Gecko) Ubuntu Chromium/32.0.1700.102 Chrome/32.0.1700.102 Safari/537.36"
166.137.12.84 - - [16/Feb/2014:06:42:25 -0500] "GET /map HTTP/1.1" 500 466 "-" "Mozilla/5.0 (X11; Linux x86_64) AppleWebKit/537.36 (KHTML, like Gecko) Ubuntu Chromium/32.0.1700.102 Chrome/32.0.1700.102 Safari/537.36"
166.137.12.84 - - [16/Feb/2014:06:42:29 -0500] "GET /map HTTP/1.1" 200 1069 "-" "Mozilla/5.0 (X11; Linux x86_64) AppleWebKit/537.36 (KHTML, like Gecko) Ubuntu Chromium/32.0.1700.102 Chrome/32.0.1700.102 Safari/537.36"
166.137.12.84 - - [16/Feb/2014:06:42:36 -0500] "GET /map HTTP/1.1" 500 466 "-" "Mozilla/5.0 (X11; Linux x86_64) AppleWebKit/537.36 (KHTML, like Gecko) Ubuntu Chromium/32.0.1700.102 Chrome/32.0.1700.102 Safari/537.36"
166.137.12.84 - - [16/Feb/2014:06:42:37 -0500] "GET /map HTTP/1.1" 200 1069 "-" "Mozilla/5.0 (X11; Linux x86_64) AppleWebKit/537.36 (KHTML, like Gecko) Ubuntu Chromium/32.0.1700.102 Chrome/32.0.1700.102 Safari/537.36"
166.137.12.84 - - [16/Feb/2014:06:43:06 -0500] "GET /map HTTP/1.1" 500 466 "-" "Mozilla/5.0 (X11; Linux x86_64) AppleWebKit/537.36 (KHTML, like Gecko) Ubuntu Chromium/32.0.1700.102 Chrome/32.0.1700.102 Safari/537.36"
166.137.12.84 - - [16/Feb/2014:06:43:07 -0500] "GET /map HTTP/1.1" 200 1069 "-" "Mozilla/5.0 (X11; Linux x86_64) AppleWebKit/537.36 (KHTML, like Gecko) Ubuntu Chromium/32.0.1700.102 Chrome/32.0.1700.102 Safari/537.36"
166.137.12.84 - - [16/Feb/2014:06:43:10 -0500] "GET /map HTTP/1.1" 200 1069 "-" "Mozilla/5.0 (X11; Linux x86_64) AppleWebKit/537.36 (KHTML, like Gecko) Ubuntu Chromium/32.0.1700.102 Chrome/32.0.1700.102 Safari/537.36"
166.137.12.84 - - [16/Feb/2014:06:43:29 -0500] "GET /map HTTP/1.1" 500 466 "-" "Mozilla/5.0 (X11; Linux x86_64) AppleWebKit/537.36 (KHTML, like Gecko) Ubuntu Chromium/32.0.1700.102 Chrome/32.0.1700.102 Safari/537.36"
